
> tbf-system@0.1.0 build
> next build

Ôû▓ Next.js 16.1.6 (Turbopack)
- Environments: .env
- Experiments (use with caution):
  ┬À serverActions

  Creating an optimized production build ...
node.exe : 
At line:1 char:1
+ & "C:\Program Files\n
odejs/node.exe" "C:\Use
rs\efeca\AppData\Roamin
g\ ...
+ ~~~~~~~~~~~~~~~~~~~~~
~~~~~~~~~~~~~~~~~~~~~~~
~~~~~~~~~~~~~~~~~~~~~~~
~~
    + CategoryInfo     
         : NotSpecifi  
  ed: (:String) [],    
 RemoteException
    + FullyQualifiedEr 
   rorId : NativeComm  
  andError
 
> Build error occurred
Error: Turbopack build 
failed with 11 errors:
./app/admin/(dashboard)
/reports/new/page.tsx:3
:1
Module not found: Can't
 resolve '@/app/referee
/reports/new/page'
[0m [90m 1 |[39m [3
2m"use client"[39m[33
m;[39m
 [90m 2 |[39m
[31m[1m>[22m[39m[9
0m 3 |[39m [36mimport
[39m [33mNewReportPag
e[39m [36mfrom[39m 
[32m"@/app/referee/repo
rts/new/page"[39m[33m
;[39m
 [90m   |[39m [31m[
1m^[22m[39m[31m[1m^
[22m[39m[31m[1m^[2
2m[39m[31m[1m^[22m
[39m[31m[1m^[22m[39
m[31m[1m^[22m[39m[
31m[1m^[22m[39m[31m
[1m^[22m[39m[31m[1
m^[22m[39m[31m[1m^
[22m[39m[31m[1m^[22
m[39m[31m[1m^[22m[
39m[31m[1m^[22m[39m
[31m[1m^[22m[39m[3
1m[1m^[22m[39m[31m
[1m^[22m[39m[31m[1m
^[22m[39m[31m[1m^[
22m[39m[31m[1m^[22m
[39m[31m[1m^[22m[3
9m[31m[1m^[22m[39m
[31m[1m^[22m[39m[31
m[1m^[22m[39m[31m[
1m^[22m[39m[31m[1m^
[22m[39m[31m[1m^[2
2m[39m[31m[1m^[22m
[39m[31m[1m^[22m[39
m[31m[1m^[22m[39m[
31m[1m^[22m[39m[31m
[1m^[22m[39m[31m[1
m^[22m[39m[31m[1m^
[22m[39m[31m[1m^[22
m[39m[31m[1m^[22m[
39m[31m[1m^[22m[39m
[31m[1m^[22m[39m[3
1m[1m^[22m[39m[31m
[1m^[22m[39m[31m[1m
^[22m[39m[31m[1m^[
22m[39m[31m[1m^[22m
[39m[31m[1m^[22m[3
9m[31m[1m^[22m[39m
[31m[1m^[22m[39m[31
m[1m^[22m[39m[31m[
1m^[22m[39m[31m[1m^
[22m[39m[31m[1m^[2
2m[39m[31m[1m^[22m
[39m[31m[1m^[22m[39
m[31m[1m^[22m[39m[
31m[1m^[22m[39m[31m
[1m^[22m[39m[31m[1
m^[22m[39m[31m[1m^
[22m[39m[31m[1m^[22
m[39m[31m[1m^[22m[
39m[31m[1m^[22m[39m
 [90m 4 |[39m
 [90m 5 |[39m [36mex
port[39m [36mdefault
[39m [36mfunction[39m
 [33mAdminNewReportPag
e[39m() {
 [90m 6 |[39m     [3
6mreturn[39m [33m<[3
9m[33mNewReportPage[3
9m [33m/[39m[33m>[3
9m[33m;[39m[0m

Import map: aliased to 
relative './app/referee
/reports/new/page' insi
de of [project]/


Import traces:
  Client Component Brow
ser:
    ./app/admin/(dashbo
ard)/reports/new/page.t
sx [Client Component Br
owser]
    ./app/admin/(dashbo
ard)/reports/new/page.t
sx [Server Component]

  Client Component SSR:
    ./app/admin/(dashbo
ard)/reports/new/page.t
sx [Client Component SS
R]
    ./app/admin/(dashbo
ard)/reports/new/page.t
sx [Server Component]

https://nextjs.org/docs
/messages/module-not-fo
und


./app/api/drive-test/ro
ute.ts:4:1
Module not found: Can't
 resolve '@/lib/google-
drive'
[0m [90m 2 |[39m [3
6mimport[39m { google 
} [36mfrom[39m [32m"
googleapis"[39m[33m;
[39m
 [90m 3 |[39m [36mim
port[39m { getAllMatch
es[33m,[39m getMatche
sForUser } [36mfrom[3
9m [32m"@/lib/match-pa
rser"[39m[33m;[39m
[31m[1m>[22m[39m[9
0m 4 |[39m [36mimport
[39m { parseDriveId[3
3m,[39m findAllSpreads
heets } [36mfrom[39m 
[32m"@/lib/google-driv
e"[39m[33m;[39m
 [90m   |[39m [31m[
1m^[22m[39m[31m[1m^
[22m[39m[31m[1m^[2
2m[39m[31m[1m^[22m
[39m[31m[1m^[22m[39
m[31m[1m^[22m[39m[
31m[1m^[22m[39m[31m
[1m^[22m[39m[31m[1
m^[22m[39m[31m[1m^
[22m[39m[31m[1m^[22
m[39m[31m[1m^[22m[
39m[31m[1m^[22m[39m
[31m[1m^[22m[39m[3
1m[1m^[22m[39m[31m
[1m^[22m[39m[31m[1m
^[22m[39m[31m[1m^[
22m[39m[31m[1m^[22m
[39m[31m[1m^[22m[3
9m[31m[1m^[22m[39m
[31m[1m^[22m[39m[31
m[1m^[22m[39m[31m[
1m^[22m[39m[31m[1m^
[22m[39m[31m[1m^[2
2m[39m[31m[1m^[22m
[39m[31m[1m^[22m[39
m[31m[1m^[22m[39m[
31m[1m^[22m[39m[31m
[1m^[22m[39m[31m[1
m^[22m[39m[31m[1m^
[22m[39m[31m[1m^[22
m[39m[31m[1m^[22m[
39m[31m[1m^[22m[39m
[31m[1m^[22m[39m[3
1m[1m^[22m[39m[31m
[1m^[22m[39m[31m[1m
^[22m[39m[31m[1m^[
22m[39m[31m[1m^[22m
[39m[31m[1m^[22m[3
9m[31m[1m^[22m[39m
[31m[1m^[22m[39m[31
m[1m^[22m[39m[31m[
1m^[22m[39m[31m[1m^
[22m[39m[31m[1m^[2
2m[39m[31m[1m^[22m
[39m[31m[1m^[22m[39
m[31m[1m^[22m[39m[
31m[1m^[22m[39m[31m
[1m^[22m[39m[31m[1
m^[22m[39m[31m[1m^
[22m[39m[31m[1m^[22
m[39m[31m[1m^[22m[
39m[31m[1m^[22m[39m
[31m[1m^[22m[39m[3
1m[1m^[22m[39m[31m
[1m^[22m[39m[31m[1m
^[22m[39m[31m[1m^[
22m[39m[31m[1m^[22m
[39m[31m[1m^[22m[3
9m[31m[1m^[22m[39m
[31m[1m^[22m[39m[31
m[1m^[22m[39m[31m[
1m^[22m[39m[31m[1m^
[22m[39m
 [90m 5 |[39m
 [90m 6 |[39m [36mex
port[39m [36mconst[3
9m dynamic [33m=[39m 
[32m"force-dynamic"[3
9m[33m;[39m
 [90m 7 |[39m [36mex
port[39m [36mconst[3
9m maxDuration [33m=[
39m [35m60[39m[33m;
[39m[0m

Import map: aliased to 
relative './lib/google-
drive' inside of [proje
ct]/


https://nextjs.org/docs
/messages/module-not-fo
und


./app/api/matches/debug
-ahmet/route.ts:2:1
Module not found: Can't
 resolve '@/lib/google-
drive'
[0m [90m 1 |[39m [3
6mimport[39m { [33mNe
xtResponse[39m } [36m
from[39m [32m"next/se
rver"[39m[33m;[39m
[31m[1m>[22m[39m[9
0m 2 |[39m [36mimport
[39m { downloadAsXlsx 
} [36mfrom[39m [32m"
@/lib/google-drive"[39
m[33m;[39m
 [90m   |[39m [31m[
1m^[22m[39m[31m[1m^
[22m[39m[31m[1m^[2
2m[39m[31m[1m^[22m
[39m[31m[1m^[22m[39
m[31m[1m^[22m[39m[
31m[1m^[22m[39m[31m
[1m^[22m[39m[31m[1
m^[22m[39m[31m[1m^
[22m[39m[31m[1m^[22
m[39m[31m[1m^[22m[
39m[31m[1m^[22m[39m
[31m[1m^[22m[39m[3
1m[1m^[22m[39m[31m
[1m^[22m[39m[31m[1m
^[22m[39m[31m[1m^[
22m[39m[31m[1m^[22m
[39m[31m[1m^[22m[3
9m[31m[1m^[22m[39m
[31m[1m^[22m[39m[31
m[1m^[22m[39m[31m[
1m^[22m[39m[31m[1m^
[22m[39m[31m[1m^[2
2m[39m[31m[1m^[22m
[39m[31m[1m^[22m[39
m[31m[1m^[22m[39m[
31m[1m^[22m[39m[31m
[1m^[22m[39m[31m[1
m^[22m[39m[31m[1m^
[22m[39m[31m[1m^[22
m[39m[31m[1m^[22m[
39m[31m[1m^[22m[39m
[31m[1m^[22m[39m[3
1m[1m^[22m[39m[31m
[1m^[22m[39m[31m[1m
^[22m[39m[31m[1m^[
22m[39m[31m[1m^[22m
[39m[31m[1m^[22m[3
9m[31m[1m^[22m[39m
[31m[1m^[22m[39m[31
m[1m^[22m[39m[31m[
1m^[22m[39m[31m[1m^
[22m[39m[31m[1m^[2
2m[39m[31m[1m^[22m
[39m[31m[1m^[22m[39
m[31m[1m^[22m[39m
 [90m 3 |[39m [36mim
port[39m [33mExcelJS
[39m [36mfrom[39m [3
2m"exceljs"[39m[33m;
[39m
 [90m 4 |[39m
 [90m 5 |[39m [36mex
port[39m [36mconst[3
9m dynamic [33m=[39m 
[32m"force-dynamic"[3
9m[33m;[39m[0m

Import map: aliased to 
relative './lib/google-
drive' inside of [proje
ct]/


https://nextjs.org/docs
/messages/module-not-fo
und


./app/api/matches/disco
ver/route.ts:2:1
Module not found: Can't
 resolve '@/lib/google-
drive'
[0m [90m 1 |[39m [3
6mimport[39m { [33mNe
xtResponse[39m } [36m
from[39m [32m"next/se
rver"[39m[33m;[39m
[31m[1m>[22m[39m[9
0m 2 |[39m [36mimport
[39m { findAllSpreadsh
eets } [36mfrom[39m 
[32m"@/lib/google-drive
"[39m[33m;[39m
 [90m   |[39m [31m[
1m^[22m[39m[31m[1m^
[22m[39m[31m[1m^[2
2m[39m[31m[1m^[22m
[39m[31m[1m^[22m[39
m[31m[1m^[22m[39m[
31m[1m^[22m[39m[31m
[1m^[22m[39m[31m[1
m^[22m[39m[31m[1m^
[22m[39m[31m[1m^[22
m[39m[31m[1m^[22m[
39m[31m[1m^[22m[39m
[31m[1m^[22m[39m[3
1m[1m^[22m[39m[31m
[1m^[22m[39m[31m[1m
^[22m[39m[31m[1m^[
22m[39m[31m[1m^[22m
[39m[31m[1m^[22m[3
9m[31m[1m^[22m[39m
[31m[1m^[22m[39m[31
m[1m^[22m[39m[31m[
1m^[22m[39m[31m[1m^
[22m[39m[31m[1m^[2
2m[39m[31m[1m^[22m
[39m[31m[1m^[22m[39
m[31m[1m^[22m[39m[
31m[1m^[22m[39m[31m
[1m^[22m[39m[31m[1
m^[22m[39m[31m[1m^
[22m[39m[31m[1m^[22
m[39m[31m[1m^[22m[
39m[31m[1m^[22m[39m
[31m[1m^[22m[39m[3
1m[1m^[22m[39m[31m
[1m^[22m[39m[31m[1m
^[22m[39m[31m[1m^[
22m[39m[31m[1m^[22m
[39m[31m[1m^[22m[3
9m[31m[1m^[22m[39m
[31m[1m^[22m[39m[31
m[1m^[22m[39m[31m[
1m^[22m[39m[31m[1m^
[22m[39m[31m[1m^[2
2m[39m[31m[1m^[22m
[39m[31m[1m^[22m[39
m[31m[1m^[22m[39m[
31m[1m^[22m[39m[31m
[1m^[22m[39m[31m[1
m^[22m[39m[31m[1m^
[22m[39m[31m[1m^[22
m[39m
 [90m 3 |[39m [36mim
port[39m { getCachedDa
ta } [36mfrom[39m [3
2m"@/lib/cache"[39m[3
3m;[39m
 [90m 4 |[39m
 [90m 5 |[39m [36mex
port[39m [36mconst[3
9m dynamic [33m=[39m 
[32m"force-dynamic"[3
9m[33m;[39m[0m

Import map: aliased to 
relative './lib/google-
drive' inside of [proje
ct]/


https://nextjs.org/docs
/messages/module-not-fo
und


./app/api/matches/parse
/route.ts:2:1
Module not found: Can't
 resolve '@/lib/google-
drive'
[0m [90m 1 |[39m [3
6mimport[39m { [33mNe
xtResponse[39m } [36m
from[39m [32m"next/se
rver"[39m[33m;[39m
[31m[1m>[22m[39m[9
0m 2 |[39m [36mimport
[39m { downloadAsXlsx 
} [36mfrom[39m [32m"
@/lib/google-drive"[39
m[33m;[39m
 [90m   |[39m [31m[
1m^[22m[39m[31m[1m^
[22m[39m[31m[1m^[2
2m[39m[31m[1m^[22m
[39m[31m[1m^[22m[39
m[31m[1m^[22m[39m[
31m[1m^[22m[39m[31m
[1m^[22m[39m[31m[1
m^[22m[39m[31m[1m^
[22m[39m[31m[1m^[22
m[39m[31m[1m^[22m[
39m[31m[1m^[22m[39m
[31m[1m^[22m[39m[3
1m[1m^[22m[39m[31m
[1m^[22m[39m[31m[1m
^[22m[39m[31m[1m^[
22m[39m[31m[1m^[22m
[39m[31m[1m^[22m[3
9m[31m[1m^[22m[39m
[31m[1m^[22m[39m[31
m[1m^[22m[39m[31m[
1m^[22m[39m[31m[1m^
[22m[39m[31m[1m^[2
2m[39m[31m[1m^[22m
[39m[31m[1m^[22m[39
m[31m[1m^[22m[39m[
31m[1m^[22m[39m[31m
[1m^[22m[39m[31m[1
m^[22m[39m[31m[1m^
[22m[39m[31m[1m^[22
m[39m[31m[1m^[22m[
39m[31m[1m^[22m[39m
[31m[1m^[22m[39m[3
1m[1m^[22m[39m[31m
[1m^[22m[39m[31m[1m
^[22m[39m[31m[1m^[
22m[39m[31m[1m^[22m
[39m[31m[1m^[22m[3
9m[31m[1m^[22m[39m
[31m[1m^[22m[39m[31
m[1m^[22m[39m[31m[
1m^[22m[39m[31m[1m^
[22m[39m[31m[1m^[2
2m[39m[31m[1m^[22m
[39m[31m[1m^[22m[39
m[31m[1m^[22m[39m
 [90m 3 |[39m [36mim
port[39m { getCachedDa
ta } [36mfrom[39m [3
2m"@/lib/cache"[39m[3
3m;[39m
 [90m 4 |[39m [36mim
port[39m [33mExcelJS
[39m [36mfrom[39m [3
2m"exceljs"[39m[33m;
[39m
 [90m 5 |[39m[0m

Import map: aliased to 
relative './lib/google-
drive' inside of [proje
ct]/


https://nextjs.org/docs
/messages/module-not-fo
und


./app/api/drive-test/ro
ute.ts:3:1
Module not found: Can't
 resolve '@/lib/match-p
arser'
[0m [90m 1 |[39m [3
6mimport[39m { [33mNe
xtResponse[39m } [36m
from[39m [32m"next/se
rver"[39m[33m;[39m
 [90m 2 |[39m [36mim
port[39m { google } [
36mfrom[39m [32m"goog
leapis"[39m[33m;[39m
[31m[1m>[22m[39m[9
0m 3 |[39m [36mimport
[39m { getAllMatches[
33m,[39m getMatchesFor
User } [36mfrom[39m 
[32m"@/lib/match-parser
"[39m[33m;[39m
 [90m   |[39m [31m[
1m^[22m[39m[31m[1m^
[22m[39m[31m[1m^[2
2m[39m[31m[1m^[22m
[39m[31m[1m^[22m[39
m[31m[1m^[22m[39m[
31m[1m^[22m[39m[31m
[1m^[22m[39m[31m[1
m^[22m[39m[31m[1m^
[22m[39m[31m[1m^[22
m[39m[31m[1m^[22m[
39m[31m[1m^[22m[39m
[31m[1m^[22m[39m[3
1m[1m^[22m[39m[31m
[1m^[22m[39m[31m[1m
^[22m[39m[31m[1m^[
22m[39m[31m[1m^[22m
[39m[31m[1m^[22m[3
9m[31m[1m^[22m[39m
[31m[1m^[22m[39m[31
m[1m^[22m[39m[31m[
1m^[22m[39m[31m[1m^
[22m[39m[31m[1m^[2
2m[39m[31m[1m^[22m
[39m[31m[1m^[22m[39
m[31m[1m^[22m[39m[
31m[1m^[22m[39m[31m
[1m^[22m[39m[31m[1
m^[22m[39m[31m[1m^
[22m[39m[31m[1m^[22
m[39m[31m[1m^[22m[
39m[31m[1m^[22m[39m
[31m[1m^[22m[39m[3
1m[1m^[22m[39m[31m
[1m^[22m[39m[31m[1m
^[22m[39m[31m[1m^[
22m[39m[31m[1m^[22m
[39m[31m[1m^[22m[3
9m[31m[1m^[22m[39m
[31m[1m^[22m[39m[31
m[1m^[22m[39m[31m[
1m^[22m[39m[31m[1m^
[22m[39m[31m[1m^[2
2m[39m[31m[1m^[22m
[39m[31m[1m^[22m[39
m[31m[1m^[22m[39m[
31m[1m^[22m[39m[31m
[1m^[22m[39m[31m[1
m^[22m[39m[31m[1m^
[22m[39m[31m[1m^[22
m[39m[31m[1m^[22m[
39m[31m[1m^[22m[39m
[31m[1m^[22m[39m[3
1m[1m^[22m[39m[31m
[1m^[22m[39m[31m[1m
^[22m[39m[31m[1m^[
22m[39m[31m[1m^[22m
[39m[31m[1m^[22m[3
9m[31m[1m^[22m[39m
[31m[1m^[22m[39m[31
m[1m^[22m[39m[31m[
1m^[22m[39m
 [90m 4 |[39m [36mim
port[39m { parseDriveI
d[33m,[39m findAllSpr
eadsheets } [36mfrom[
39m [32m"@/lib/google-
drive"[39m[33m;[39m
 [90m 5 |[39m
 [90m 6 |[39m [36mex
port[39m [36mconst[3
9m dynamic [33m=[39m 
[32m"force-dynamic"[3
9m[33m;[39m[0m

Import map: aliased to 
relative './lib/match-p
arser' inside of [proje
ct]/


https://nextjs.org/docs
/messages/module-not-fo
und


./app/api/matches/route
.ts:4:1
Module not found: Can't
 resolve '@/lib/match-p
arser'
[0m [90m 2 |[39m [3
6mimport[39m { getSess
ion } [36mfrom[39m [
32m"@/lib/session"[39m
[33m;[39m
 [90m 3 |[39m [36mim
port[39m { db } [36mf
rom[39m [32m"@/lib/db
"[39m[33m;[39m
[31m[1m>[22m[39m[9
0m 4 |[39m [36mimport
[39m { getAllMatches[
33m,[39m getMatchesFor
User[33m,[39m [33mMa
tchData[39m } [36mfro
m[39m [32m"@/lib/matc
h-parser"[39m[33m;[3
9m
 [90m   |[39m [31m[
1m^[22m[39m[31m[1m^
[22m[39m[31m[1m^[2
2m[39m[31m[1m^[22m
[39m[31m[1m^[22m[39
m[31m[1m^[22m[39m[
31m[1m^[22m[39m[31m
[1m^[22m[39m[31m[1
m^[22m[39m[31m[1m^
[22m[39m[31m[1m^[22
m[39m[31m[1m^[22m[
39m[31m[1m^[22m[39m
[31m[1m^[22m[39m[3
1m[1m^[22m[39m[31m
[1m^[22m[39m[31m[1m
^[22m[39m[31m[1m^[
22m[39m[31m[1m^[22m
[39m[31m[1m^[22m[3
9m[31m[1m^[22m[39m
[31m[1m^[22m[39m[31
m[1m^[22m[39m[31m[
1m^[22m[39m[31m[1m^
[22m[39m[31m[1m^[2
2m[39m[31m[1m^[22m
[39m[31m[1m^[22m[39
m[31m[1m^[22m[39m[
31m[1m^[22m[39m[31m
[1m^[22m[39m[31m[1
m^[22m[39m[31m[1m^
[22m[39m[31m[1m^[22
m[39m[31m[1m^[22m[
39m[31m[1m^[22m[39m
[31m[1m^[22m[39m[3
1m[1m^[22m[39m[31m
[1m^[22m[39m[31m[1m
^[22m[39m[31m[1m^[
22m[39m[31m[1m^[22m
[39m[31m[1m^[22m[3
9m[31m[1m^[22m[39m
[31m[1m^[22m[39m[31
m[1m^[22m[39m[31m[
1m^[22m[39m[31m[1m^
[22m[39m[31m[1m^[2
2m[39m[31m[1m^[22m
[39m[31m[1m^[22m[39
m[31m[1m^[22m[39m[
31m[1m^[22m[39m[31m
[1m^[22m[39m[31m[1
m^[22m[39m[31m[1m^
[22m[39m[31m[1m^[22
m[39m[31m[1m^[22m[
39m[31m[1m^[22m[39m
[31m[1m^[22m[39m[3
1m[1m^[22m[39m[31m
[1m^[22m[39m[31m[1m
^[22m[39m[31m[1m^[
22m[39m[31m[1m^[22m
[39m[31m[1m^[22m[3
9m[31m[1m^[22m[39m
[31m[1m^[22m[39m[31
m[1m^[22m[39m[31m[
1m^[22m[39m[31m[1m^
[22m[39m[31m[1m^[2
2m[39m[31m[1m^[22m
[39m[31m[1m^[22m[39
m[31m[1m^[22m[39m[
31m[1m^[22m[39m[31m
[1m^[22m[39m[31m[1
m^[22m[39m[31m[1m^
[22m[39m[31m[1m^[22
m[39m[31m[1m^[22m[
39m
 [90m 5 |[39m [36mim
port[39m { getUserMatc
hesStore[33m,[39m sav
eUserMatchesStore[33m,
[39m getGlobalMatchesS
tore[33m,[39m saveGlo
balMatchesStore } [36m
from[39m [32m"@/lib/m
atches-store"[39m[33m
;[39m
 [90m 6 |[39m
 [90m 7 |[39m [36mex
port[39m [36mconst[3
9m dynamic [33m=[39m 
[32m"force-dynamic"[3
9m[33m;[39m[0m

Import map: aliased to 
relative './lib/match-p
arser' inside of [proje
ct]/


https://nextjs.org/docs
/messages/module-not-fo
und


./app/api/matches/sync/
route.ts:4:1
Module not found: Can't
 resolve '@/lib/match-p
arser'
[0m [90m 2 |[39m [3
6mimport[39m { getSess
ion } [36mfrom[39m [
32m"@/lib/session"[39m
[33m;[39m
 [90m 3 |[39m [36mim
port[39m { db } [36mf
rom[39m [32m"@/lib/db
"[39m[33m;[39m
[31m[1m>[22m[39m[9
0m 4 |[39m [36mimport
[39m { getAllMatches[
33m,[39m getMatchesFor
User[33m,[39m [33mMa
tchData[39m } [36mfro
m[39m [32m"@/lib/matc
h-parser"[39m[33m;[3
9m
 [90m   |[39m [31m[
1m^[22m[39m[31m[1m^
[22m[39m[31m[1m^[2
2m[39m[31m[1m^[22m
[39m[31m[1m^[22m[39
m[31m[1m^[22m[39m[
31m[1m^[22m[39m[31m
[1m^[22m[39m[31m[1
m^[22m[39m[31m[1m^
[22m[39m[31m[1m^[22
m[39m[31m[1m^[22m[
39m[31m[1m^[22m[39m
[31m[1m^[22m[39m[3
1m[1m^[22m[39m[31m
[1m^[22m[39m[31m[1m
^[22m[39m[31m[1m^[
22m[39m[31m[1m^[22m
[39m[31m[1m^[22m[3
9m[31m[1m^[22m[39m
[31m[1m^[22m[39m[31
m[1m^[22m[39m[31m[
1m^[22m[39m[31m[1m^
[22m[39m[31m[1m^[2
2m[39m[31m[1m^[22m
[39m[31m[1m^[22m[39
m[31m[1m^[22m[39m[
31m[1m^[22m[39m[31m
[1m^[22m[39m[31m[1
m^[22m[39m[31m[1m^
[22m[39m[31m[1m^[22
m[39m[31m[1m^[22m[
39m[31m[1m^[22m[39m
[31m[1m^[22m[39m[3
1m[1m^[22m[39m[31m
[1m^[22m[39m[31m[1m
^[22m[39m[31m[1m^[
22m[39m[31m[1m^[22m
[39m[31m[1m^[22m[3
9m[31m[1m^[22m[39m
[31m[1m^[22m[39m[31
m[1m^[22m[39m[31m[
1m^[22m[39m[31m[1m^
[22m[39m[31m[1m^[2
2m[39m[31m[1m^[22m
[39m[31m[1m^[22m[39
m[31m[1m^[22m[39m[
31m[1m^[22m[39m[31m
[1m^[22m[39m[31m[1
m^[22m[39m[31m[1m^
[22m[39m[31m[1m^[22
m[39m[31m[1m^[22m[
39m[31m[1m^[22m[39m
[31m[1m^[22m[39m[3
1m[1m^[22m[39m[31m
[1m^[22m[39m[31m[1m
^[22m[39m[31m[1m^[
22m[39m[31m[1m^[22m
[39m[31m[1m^[22m[3
9m[31m[1m^[22m[39m
[31m[1m^[22m[39m[31
m[1m^[22m[39m[31m[
1m^[22m[39m[31m[1m^
[22m[39m[31m[1m^[2
2m[39m[31m[1m^[22m
[39m[31m[1m^[22m[39
m[31m[1m^[22m[39m[
31m[1m^[22m[39m[31m
[1m^[22m[39m[31m[1
m^[22m[39m[31m[1m^
[22m[39m[31m[1m^[22
m[39m[31m[1m^[22m[
39m
 [90m 5 |[39m [36mim
port[39m { getUserMatc
hesStore[33m,[39m sav
eUserMatchesStore } [3
6mfrom[39m [32m"@/lib
/matches-store"[39m[3
3m;[39m
 [90m 6 |[39m
 [90m 7 |[39m [36mex
port[39m [36mconst[3
9m dynamic [33m=[39m 
[32m"force-dynamic"[3
9m[33m;[39m[0m

Import map: aliased to 
relative './lib/match-p
arser' inside of [proje
ct]/


https://nextjs.org/docs
/messages/module-not-fo
und


./app/api/matches/notif
ication/route.ts:3:1
Module not found: Can't
 resolve '@/lib/matches
-store'
[0m [90m 1 |[39m [3
6mimport[39m { [33mNe
xtResponse[39m } [36m
from[39m [32m"next/se
rver"[39m[33m;[39m
 [90m 2 |[39m [36mim
port[39m { getSession 
} [36mfrom[39m [32m"
@/lib/session"[39m[33
m;[39m
[31m[1m>[22m[39m[9
0m 3 |[39m [36mimport
[39m { getUserMatchesS
tore } [36mfrom[39m 
[32m"@/lib/matches-stor
e"[39m[33m;[39m
 [90m   |[39m [31m[
1m^[22m[39m[31m[1m^
[22m[39m[31m[1m^[2
2m[39m[31m[1m^[22m
[39m[31m[1m^[22m[39
m[31m[1m^[22m[39m[
31m[1m^[22m[39m[31m
[1m^[22m[39m[31m[1
m^[22m[39m[31m[1m^
[22m[39m[31m[1m^[22
m[39m[31m[1m^[22m[
39m[31m[1m^[22m[39m
[31m[1m^[22m[39m[3
1m[1m^[22m[39m[31m
[1m^[22m[39m[31m[1m
^[22m[39m[31m[1m^[
22m[39m[31m[1m^[22m
[39m[31m[1m^[22m[3
9m[31m[1m^[22m[39m
[31m[1m^[22m[39m[31
m[1m^[22m[39m[31m[
1m^[22m[39m[31m[1m^
[22m[39m[31m[1m^[2
2m[39m[31m[1m^[22m
[39m[31m[1m^[22m[39
m[31m[1m^[22m[39m[
31m[1m^[22m[39m[31m
[1m^[22m[39m[31m[1
m^[22m[39m[31m[1m^
[22m[39m[31m[1m^[22
m[39m[31m[1m^[22m[
39m[31m[1m^[22m[39m
[31m[1m^[22m[39m[3
1m[1m^[22m[39m[31m
[1m^[22m[39m[31m[1m
^[22m[39m[31m[1m^[
22m[39m[31m[1m^[22m
[39m[31m[1m^[22m[3
9m[31m[1m^[22m[39m
[31m[1m^[22m[39m[31
m[1m^[22m[39m[31m[
1m^[22m[39m[31m[1m^
[22m[39m[31m[1m^[2
2m[39m[31m[1m^[22m
[39m[31m[1m^[22m[39
m[31m[1m^[22m[39m[
31m[1m^[22m[39m[31m
[1m^[22m[39m[31m[1
m^[22m[39m[31m[1m^
[22m[39m[31m[1m^[22
m[39m[31m[1m^[22m[
39m
 [90m 4 |[39m
 [90m 5 |[39m [36mex
port[39m [36mconst[3
9m dynamic [33m=[39m 
[32m"force-dynamic"[3
9m[33m;[39m
 [90m 6 |[39m[0m

Import map: aliased to 
relative './lib/matches
-store' inside of [proj
ect]/


https://nextjs.org/docs
/messages/module-not-fo
und


./app/api/matches/route
.ts:5:1
Module not found: Can't
 resolve '@/lib/matches
-store'
[0m [90m 3 |[39m [3
6mimport[39m { db } [
36mfrom[39m [32m"@/li
b/db"[39m[33m;[39m
 [90m 4 |[39m [36mim
port[39m { getAllMatch
es[33m,[39m getMatche
sForUser[33m,[39m [3
3mMatchData[39m } [36
mfrom[39m [32m"@/lib/
match-parser"[39m[33m
;[39m
[31m[1m>[22m[39m[9
0m 5 |[39m [36mimport
[39m { getUserMatchesS
tore[33m,[39m saveUse
rMatchesStore[33m,[39
m getGlobalMatchesStore
[33m,[39m saveGlobalM
atchesStore } [36mfrom
[39m [32m"@/lib/match
es-store"[39m[33m;[3
9m
 [90m   |[39m [31m[
1m^[22m[39m[31m[1m^
[22m[39m[31m[1m^[2
2m[39m[31m[1m^[22m
[39m[31m[1m^[22m[39
m[31m[1m^[22m[39m[
31m[1m^[22m[39m[31m
[1m^[22m[39m[31m[1
m^[22m[39m[31m[1m^
[22m[39m[31m[1m^[22
m[39m[31m[1m^[22m[
39m[31m[1m^[22m[39m
[31m[1m^[22m[39m[3
1m[1m^[22m[39m[31m
[1m^[22m[39m[31m[1m
^[22m[39m[31m[1m^[
22m[39m[31m[1m^[22m
[39m[31m[1m^[22m[3
9m[31m[1m^[22m[39m
[31m[1m^[22m[39m[31
m[1m^[22m[39m[31m[
1m^[22m[39m[31m[1m^
[22m[39m[31m[1m^[2
2m[39m[31m[1m^[22m
[39m[31m[1m^[22m[39
m[31m[1m^[22m[39m[
31m[1m^[22m[39m[31m
[1m^[22m[39m[31m[1
m^[22m[39m[31m[1m^
[22m[39m[31m[1m^[22
m[39m[31m[1m^[22m[
39m[31m[1m^[22m[39m
[31m[1m^[22m[39m[3
1m[1m^[22m[39m[31m
[1m^[22m[39m[31m[1m
^[22m[39m[31m[1m^[
22m[39m[31m[1m^[22m
[39m[31m[1m^[22m[3
9m[31m[1m^[22m[39m
[31m[1m^[22m[39m[31
m[1m^[22m[39m[31m[
1m^[22m[39m[31m[1m^
[22m[39m[31m[1m^[2
2m[39m[31m[1m^[22m
[39m[31m[1m^[22m[39
m[31m[1m^[22m[39m[
31m[1m^[22m[39m[31m
[1m^[22m[39m[31m[1
m^[22m[39m[31m[1m^
[22m[39m[31m[1m^[22
m[39m[31m[1m^[22m[
39m[31m[1m^[22m[39m
[31m[1m^[22m[39m[3
1m[1m^[22m[39m[31m
[1m^[22m[39m[31m[1m
^[22m[39m[31m[1m^[
22m[39m[31m[1m^[22m
[39m[31m[1m^[22m[3
9m[31m[1m^[22m[39m
[31m[1m^[22m[39m[31
m[1m^[22m[39m[31m[
1m^[22m[39m[31m[1m^
[22m[39m[31m[1m^[2
2m[39m[31m[1m^[22m
[39m[31m[1m^[22m[39
m[31m[1m^[22m[39m[
31m[1m^[22m[39m[31m
[1m^[22m[39m[31m[1
m^[22m[39m[31m[1m^
[22m[39m[31m[1m^[22
m[39m[31m[1m^[22m[
39m[31m[1m^[22m[39m
[31m[1m^[22m[39m[3
1m[1m^[22m[39m[31m
[1m^[22m[39m[31m[1m
^[22m[39m[31m[1m^[
22m[39m[31m[1m^[22m
[39m[31m[1m^[22m[3
9m[31m[1m^[22m[39m
[31m[1m^[22m[39m[31
m[1m^[22m[39m[31m[
1m^[22m[39m[31m[1m^
[22m[39m[31m[1m^[2
2m[39m[31m[1m^[22m
[39m[31m[1m^[22m[39
m[31m[1m^[22m[39m[
31m[1m^[22m[39m[31m
[1m^[22m[39m[31m[1
m^[22m[39m[31m[1m^
[22m[39m[31m[1m^[22
m[39m[31m[1m^[22m[
39m[31m[1m^[22m[39m
[31m[1m^[22m[39m[3
1m[1m^[22m[39m[31m
[1m^[22m[39m[31m[1m
^[22m[39m[31m[1m^[
22m[39m[31m[1m^[22m
[39m[31m[1m^[22m[3
9m[31m[1m^[22m[39m
[31m[1m^[22m[39m[31
m[1m^[22m[39m[31m[
1m^[22m[39m[31m[1m^
[22m[39m[31m[1m^[2
2m[39m[31m[1m^[22m
[39m[31m[1m^[22m[39
m[31m[1m^[22m[39m[
31m[1m^[22m[39m[31m
[1m^[22m[39m[31m[1
m^[22m[39m[31m[1m^
[22m[39m[31m[1m^[22
m[39m[31m[1m^[22m[
39m
 [90m 6 |[39m
 [90m 7 |[39m [36mex
port[39m [36mconst[3
9m dynamic [33m=[39m 
[32m"force-dynamic"[3
9m[33m;[39m
 [90m 8 |[39m [36mex
port[39m [36mconst[3
9m maxDuration [33m=[
39m [35m60[39m[33m;
[39m[0m

Import map: aliased to 
relative './lib/matches
-store' inside of [proj
ect]/


https://nextjs.org/docs
/messages/module-not-fo
und


./app/api/matches/sync/
route.ts:5:1
Module not found: Can't
 resolve '@/lib/matches
-store'
[0m [90m 3 |[39m [3
6mimport[39m { db } [
36mfrom[39m [32m"@/li
b/db"[39m[33m;[39m
 [90m 4 |[39m [36mim
port[39m { getAllMatch
es[33m,[39m getMatche
sForUser[33m,[39m [3
3mMatchData[39m } [36
mfrom[39m [32m"@/lib/
match-parser"[39m[33m
;[39m
[31m[1m>[22m[39m[9
0m 5 |[39m [36mimport
[39m { getUserMatchesS
tore[33m,[39m saveUse
rMatchesStore } [36mfr
om[39m [32m"@/lib/mat
ches-store"[39m[33m;
[39m
 [90m   |[39m [31m[
1m^[22m[39m[31m[1m^
[22m[39m[31m[1m^[2
2m[39m[31m[1m^[22m
[39m[31m[1m^[22m[39
m[31m[1m^[22m[39m[
31m[1m^[22m[39m[31m
[1m^[22m[39m[31m[1
m^[22m[39m[31m[1m^
[22m[39m[31m[1m^[22
m[39m[31m[1m^[22m[
39m[31m[1m^[22m[39m
[31m[1m^[22m[39m[3
1m[1m^[22m[39m[31m
[1m^[22m[39m[31m[1m
^[22m[39m[31m[1m^[
22m[39m[31m[1m^[22m
[39m[31m[1m^[22m[3
9m[31m[1m^[22m[39m
[31m[1m^[22m[39m[31
m[1m^[22m[39m[31m[
1m^[22m[39m[31m[1m^
[22m[39m[31m[1m^[2
2m[39m[31m[1m^[22m
[39m[31m[1m^[22m[39
m[31m[1m^[22m[39m[
31m[1m^[22m[39m[31m
[1m^[22m[39m[31m[1
m^[22m[39m[31m[1m^
[22m[39m[31m[1m^[22
m[39m[31m[1m^[22m[
39m[31m[1m^[22m[39m
[31m[1m^[22m[39m[3
1m[1m^[22m[39m[31m
[1m^[22m[39m[31m[1m
^[22m[39m[31m[1m^[
22m[39m[31m[1m^[22m
[39m[31m[1m^[22m[3
9m[31m[1m^[22m[39m
[31m[1m^[22m[39m[31
m[1m^[22m[39m[31m[
1m^[22m[39m[31m[1m^
[22m[39m[31m[1m^[2
2m[39m[31m[1m^[22m
[39m[31m[1m^[22m[39
m[31m[1m^[22m[39m[
31m[1m^[22m[39m[31m
[1m^[22m[39m[31m[1
m^[22m[39m[31m[1m^
[22m[39m[31m[1m^[22
m[39m[31m[1m^[22m[
39m[31m[1m^[22m[39m
[31m[1m^[22m[39m[3
1m[1m^[22m[39m[31m
[1m^[22m[39m[31m[1m
^[22m[39m[31m[1m^[
22m[39m[31m[1m^[22m
[39m[31m[1m^[22m[3
9m[31m[1m^[22m[39m
[31m[1m^[22m[39m[31
m[1m^[22m[39m[31m[
1m^[22m[39m[31m[1m^
[22m[39m[31m[1m^[2
2m[39m[31m[1m^[22m
[39m[31m[1m^[22m[39
m[31m[1m^[22m[39m[
31m[1m^[22m[39m[31m
[1m^[22m[39m[31m[1
m^[22m[39m[31m[1m^
[22m[39m[31m[1m^[22
m[39m
 [90m 6 |[39m
 [90m 7 |[39m [36mex
port[39m [36mconst[3
9m dynamic [33m=[39m 
[32m"force-dynamic"[3
9m[33m;[39m
 [90m 8 |[39m [36mex
port[39m [36mconst[3
9m maxDuration [33m=[
39m [35m60[39m[33m;
[39m [90m// Allow 1 mi
nute for full Drive + A
rchive scan[39m[0m

Import map: aliased to 
relative './lib/matches
-store' inside of [proj
ect]/


https://nextjs.org/docs
/messages/module-not-fo
und


    at <unknown> (./app
/admin/(dashboard)/repo
rts/new/page.tsx:3:1)
    at <unknown> (https
://nextjs.org/docs/mess
ages/module-not-found)
    at <unknown> (./app
/api/drive-test/route.t
s:4:1)
    at <unknown> (https
://nextjs.org/docs/mess
ages/module-not-found)
    at <unknown> (./app
/api/matches/debug-ahme
t/route.ts:2:1)
    at <unknown> (https
://nextjs.org/docs/mess
ages/module-not-found)
    at <unknown> (./app
/api/matches/discover/r
oute.ts:2:1)
    at <unknown> (https
://nextjs.org/docs/mess
ages/module-not-found)
    at <unknown> (./app
/api/matches/parse/rout
e.ts:2:1)
    at <unknown> (https
://nextjs.org/docs/mess
ages/module-not-found)
    at <unknown> (./app
/api/drive-test/route.t
s:3:1)
    at <unknown> (https
://nextjs.org/docs/mess
ages/module-not-found)
    at <unknown> (./app
/api/matches/route.ts:4
:1)
    at <unknown> (https
://nextjs.org/docs/mess
ages/module-not-found)
    at <unknown> (./app
/api/matches/sync/route
.ts:4:1)
    at <unknown> (https
://nextjs.org/docs/mess
ages/module-not-found)
    at <unknown> (./app
/api/matches/notificati
on/route.ts:3:1)
    at <unknown> (https
://nextjs.org/docs/mess
ages/module-not-found)
    at <unknown> (./app
/api/matches/route.ts:5
:1)
    at <unknown> (https
://nextjs.org/docs/mess
ages/module-not-found)
    at <unknown> (./app
/api/matches/sync/route
.ts:5:1)
    at <unknown> (https
://nextjs.org/docs/mess
ages/module-not-found)
