app/admin/(dashboard)/page.tsx(5,58): error TS2307: Cannot find module '@/components/ui/card' or its corresponding type declarations.
components/admin/AnnouncementDetailModal.tsx(5,65): error TS2307: Cannot find module '@/app/actions/announcements' or its corresponding type declarations.
components/admin/ApprovalCard.tsx(4,41): error TS2307: Cannot find module '@/app/actions/admin-users' or its corresponding type declarations.
components/admin/CleanupButton.tsx(4,40): error TS2307: Cannot find module '@/app/actions/admin-users' or its corresponding type declarations.
components/admin/OfficialCard.tsx(4,10): error TS2305: Module '"@prisma/client"' has no exported member 'Referee'.
components/admin/OfficialCard.tsx(7,37): error TS2307: Cannot find module '@/app/admin/(dashboard)/referees/DeleteRefereeButton' or its corresponding type declarations.
components/admin/OfficialCard.tsx(8,38): error TS2307: Cannot find module '@/app/admin/(dashboard)/referees/ClassificationEditor' or its corresponding type declarations.
components/admin/OfficialCard.tsx(10,28): error TS2307: Cannot find module '@/components/admin/TypeEditor' or its corresponding type declarations.
components/admin/OfficialRow.tsx(7,10): error TS2305: Module '"@/lib/constants"' has no exported member 'CLASSIFICATIONS'.
components/admin/OfficialRow.tsx(7,27): error TS2305: Module '"@/lib/constants"' has no exported member 'OFFICIAL_TYPES'.
components/admin/OfficialRow.tsx(8,32): error TS2307: Cannot find module '@/lib/region-utils' or its corresponding type declarations.
components/admin/ProfileDetailModal.tsx(7,95): error TS2307: Cannot find module '@/app/actions/admin-users' or its corresponding type declarations.
components/admin/ProfileDetailModal.tsx(8,10): error TS2305: Module '"@/app/actions/auth"' has no exported member 'demoteFromAdmin'.
components/admin/ProfileDetailModal.tsx(10,25): error TS2305: Module '"@/lib/constants"' has no exported member 'OFFICIAL_TYPES'.
components/admin/ProfileDetailModal.tsx(10,41): error TS2305: Module '"@/lib/constants"' has no exported member 'CLASSIFICATIONS'.
components/admin/SuspendRefereeButton.tsx(4,29): error TS2307: Cannot find module '@/app/actions/admin-users' or its corresponding type declarations.
components/auth/RegisterModal.tsx(18,5): error TS2353: Object literal may only specify known properties, and 'username' does not exist in type 'ActionState'.
components/auth/RegisterModal.tsx(42,85): error TS2339: Property 'username' does not exist on type 'ActionState'.
components/auth/RegisterModal.tsx(63,173): error TS2551: Property 'errors' does not exist on type 'ActionState'. Did you mean 'error'?
components/auth/RegisterModal.tsx(66,32): error TS2551: Property 'errors' does not exist on type 'ActionState'. Did you mean 'error'?
components/auth/RegisterModal.tsx(66,130): error TS2551: Property 'errors' does not exist on type 'ActionState'. Did you mean 'error'?
components/auth/RegisterModal.tsx(78,173): error TS2551: Property 'errors' does not exist on type 'ActionState'. Did you mean 'error'?
components/auth/RegisterModal.tsx(81,32): error TS2551: Property 'errors' does not exist on type 'ActionState'. Did you mean 'error'?
components/auth/RegisterModal.tsx(81,129): error TS2551: Property 'errors' does not exist on type 'ActionState'. Did you mean 'error'?
components/auth/RegisterModal.tsx(96,173): error TS2551: Property 'errors' does not exist on type 'ActionState'. Did you mean 'error'?
components/auth/RegisterModal.tsx(100,32): error TS2551: Property 'errors' does not exist on type 'ActionState'. Did you mean 'error'?
components/auth/RegisterModal.tsx(100,126): error TS2551: Property 'errors' does not exist on type 'ActionState'. Did you mean 'error'?
components/auth/RegisterModal.tsx(110,173): error TS2551: Property 'errors' does not exist on type 'ActionState'. Did you mean 'error'?
components/auth/RegisterModal.tsx(113,32): error TS2551: Property 'errors' does not exist on type 'ActionState'. Did you mean 'error'?
components/auth/RegisterModal.tsx(113,126): error TS2551: Property 'errors' does not exist on type 'ActionState'. Did you mean 'error'?
components/auth/RegisterModal.tsx(131,173): error TS2551: Property 'errors' does not exist on type 'ActionState'. Did you mean 'error'?
components/auth/RegisterModal.tsx(154,32): error TS2551: Property 'errors' does not exist on type 'ActionState'. Did you mean 'error'?
components/auth/RegisterModal.tsx(154,100): error TS2551: Property 'errors' does not exist on type 'ActionState'. Did you mean 'error'?
components/auth/RegisterModal.tsx(179,204): error TS2551: Property 'errors' does not exist on type 'ActionState'. Did you mean 'error'?
components/auth/RegisterModal.tsx(276,204): error TS2551: Property 'errors' does not exist on type 'ActionState'. Did you mean 'error'?
components/auth/RegisterModal.tsx(281,32): error TS2551: Property 'errors' does not exist on type 'ActionState'. Did you mean 'error'?
components/auth/RegisterModal.tsx(281,137): error TS2551: Property 'errors' does not exist on type 'ActionState'. Did you mean 'error'?
components/auth/RegisterModal.tsx(293,173): error TS2551: Property 'errors' does not exist on type 'ActionState'. Did you mean 'error'?
components/auth/RegisterModal.tsx(296,32): error TS2551: Property 'errors' does not exist on type 'ActionState'. Did you mean 'error'?
components/auth/RegisterModal.tsx(296,135): error TS2551: Property 'errors' does not exist on type 'ActionState'. Did you mean 'error'?
components/IBANRequirementModal.tsx(4,32): error TS2307: Cannot find module '@/app/actions/iban' or its corresponding type declarations.
components/IBANRequirementModal.tsx(6,36): error TS2307: Cannot find module '@/lib/iban-validator' or its corresponding type declarations.
lib/env.ts(14,70): error TS2769: No overload matches this call.
  Overload 1 of 2, '(def: boolean): ZodDefault<ZodPipe<ZodString, ZodTransform<boolean, string>>>', gave the following error.
    Argument of type 'string' is not assignable to parameter of type 'boolean'.
  Overload 2 of 2, '(def: () => boolean): ZodDefault<ZodPipe<ZodString, ZodTransform<boolean, string>>>', gave the following error.
    Argument of type 'string' is not assignable to parameter of type '() => boolean'.
